// Jest Snapshot v1, https://goo.gl/fbAQLP

exports[`Tests on <GifItem /> Should match with snapshot 1`] = `
<div>
  <div
    class="card"
  >
    <img
      alt="Título"
      src="https://url.example.com/image.png"
    />
    <p>
      Título
    </p>
  </div>
</div>
`;
